mode: set
github.com/bolanosdev/query-builder/query_builder.go:34.50,46.2 1 1
github.com/bolanosdev/query-builder/query_builder.go:48.40,51.28 2 1
github.com/bolanosdev/query-builder/query_builder.go:51.28,53.43 2 1
github.com/bolanosdev/query-builder/query_builder.go:53.43,55.4 1 1
github.com/bolanosdev/query-builder/query_builder.go:56.3,58.39 2 1
github.com/bolanosdev/query-builder/query_builder.go:58.39,61.4 2 1
github.com/bolanosdev/query-builder/query_builder.go:64.2,64.28 1 1
github.com/bolanosdev/query-builder/query_builder.go:64.28,66.39 2 1
github.com/bolanosdev/query-builder/query_builder.go:66.39,68.35 2 1
github.com/bolanosdev/query-builder/query_builder.go:68.35,70.5 1 1
github.com/bolanosdev/query-builder/query_builder.go:71.4,71.42 1 1
github.com/bolanosdev/query-builder/query_builder.go:73.3,73.56 1 1
github.com/bolanosdev/query-builder/query_builder.go:76.2,76.24 1 1
github.com/bolanosdev/query-builder/query_builder.go:76.24,78.3 1 1
github.com/bolanosdev/query-builder/query_builder.go:80.2,80.25 1 1
github.com/bolanosdev/query-builder/query_builder.go:80.25,82.3 1 1
github.com/bolanosdev/query-builder/query_builder.go:84.2,84.20 1 1
github.com/bolanosdev/query-builder/query_builder.go:87.43,89.2 1 1
github.com/bolanosdev/query-builder/query_builder.go:91.52,93.32 2 0
github.com/bolanosdev/query-builder/query_builder.go:93.32,94.26 1 0
github.com/bolanosdev/query-builder/query_builder.go:95.15,96.41 1 0
github.com/bolanosdev/query-builder/query_builder.go:97.17,99.26 2 0
github.com/bolanosdev/query-builder/query_builder.go:99.26,101.5 1 0
github.com/bolanosdev/query-builder/query_builder.go:102.4,102.65 1 0
github.com/bolanosdev/query-builder/query_builder.go:103.11,104.22 1 0
github.com/bolanosdev/query-builder/query_builder.go:107.2,107.18 1 0
github.com/bolanosdev/query-builder/query_builder_conditions.go:8.75,9.34 1 1
github.com/bolanosdev/query-builder/query_builder_conditions.go:9.34,10.19 1 1
github.com/bolanosdev/query-builder/query_builder_conditions.go:10.19,12.46 2 1
github.com/bolanosdev/query-builder/query_builder_conditions.go:12.46,19.5 6 1
github.com/bolanosdev/query-builder/query_builder_conditions.go:20.4,22.46 3 1
github.com/bolanosdev/query-builder/query_builder_conditions.go:23.9,31.4 7 1
github.com/bolanosdev/query-builder/query_builder_conditions.go:33.2,33.11 1 1
github.com/bolanosdev/query-builder/query_builder_conditions.go:36.54,42.2 1 1
github.com/bolanosdev/query-builder/query_builder_conditions.go:44.55,50.2 1 0
github.com/bolanosdev/query-builder/query_builder_conditions.go:52.56,55.2 2 1
github.com/bolanosdev/query-builder/query_builder_conditions.go:57.58,60.2 2 1
github.com/bolanosdev/query-builder/query_builder_matchers.go:8.63,9.51 1 1
github.com/bolanosdev/query-builder/query_builder_matchers.go:9.51,10.13 1 1
github.com/bolanosdev/query-builder/query_builder_matchers.go:13.2,13.22 1 1
github.com/bolanosdev/query-builder/query_builder_matchers.go:13.22,19.3 1 1
github.com/bolanosdev/query-builder/query_builder_matchers.go:20.2,24.3 1 1
github.com/bolanosdev/query-builder/query_builder_matchers.go:27.66,28.51 1 1
github.com/bolanosdev/query-builder/query_builder_matchers.go:28.51,29.13 1 1
github.com/bolanosdev/query-builder/query_builder_matchers.go:32.2,32.22 1 1
github.com/bolanosdev/query-builder/query_builder_matchers.go:32.22,34.3 1 0
github.com/bolanosdev/query-builder/query_builder_matchers.go:36.2,40.29 4 1
github.com/bolanosdev/query-builder/query_builder_matchers.go:40.29,41.26 1 1
github.com/bolanosdev/query-builder/query_builder_matchers.go:42.15,43.42 1 1
github.com/bolanosdev/query-builder/query_builder_matchers.go:44.24,45.10 1 1
github.com/bolanosdev/query-builder/query_builder_matchers.go:46.30,47.19 1 1
github.com/bolanosdev/query-builder/query_builder_matchers.go:51.2,51.28 1 1
github.com/bolanosdev/query-builder/query_builder_matchers.go:51.28,53.3 1 0
github.com/bolanosdev/query-builder/query_builder_matchers.go:55.2,55.27 1 1
github.com/bolanosdev/query-builder/query_builder_matchers.go:55.27,61.3 1 1
github.com/bolanosdev/query-builder/query_builder_matchers.go:63.2,70.19 6 1
github.com/bolanosdev/query-builder/query_builder_matchers.go:70.19,72.24 2 1
github.com/bolanosdev/query-builder/query_builder_matchers.go:72.24,74.4 1 1
github.com/bolanosdev/query-builder/query_builder_matchers.go:75.8,77.3 1 1
github.com/bolanosdev/query-builder/query_builder_matchers.go:79.2,79.12 1 1
github.com/bolanosdev/query-builder/query_builder_matchers.go:80.19,81.20 1 1
github.com/bolanosdev/query-builder/query_builder_matchers.go:81.20,83.4 1 1
github.com/bolanosdev/query-builder/query_builder_matchers.go:83.9,85.4 1 1
github.com/bolanosdev/query-builder/query_builder_matchers.go:86.3,86.22 1 1
github.com/bolanosdev/query-builder/query_builder_matchers.go:87.22,89.45 2 1
github.com/bolanosdev/query-builder/query_builder_matchers.go:90.24,92.43 2 1
github.com/bolanosdev/query-builder/query_builder_matchers.go:93.22,95.43 2 1
github.com/bolanosdev/query-builder/query_builder_matchers.go:98.2,102.3 1 1
github.com/bolanosdev/query-builder/query_builder_matchers.go:105.64,106.51 1 1
github.com/bolanosdev/query-builder/query_builder_matchers.go:106.51,107.13 1 1
github.com/bolanosdev/query-builder/query_builder_matchers.go:110.2,110.22 1 1
github.com/bolanosdev/query-builder/query_builder_matchers.go:110.22,112.3 1 0
github.com/bolanosdev/query-builder/query_builder_matchers.go:114.2,117.29 3 1
github.com/bolanosdev/query-builder/query_builder_matchers.go:117.29,118.26 1 1
github.com/bolanosdev/query-builder/query_builder_matchers.go:119.18,120.28 1 1
github.com/bolanosdev/query-builder/query_builder_matchers.go:121.22,122.17 1 1
github.com/bolanosdev/query-builder/query_builder_matchers.go:126.2,126.21 1 1
github.com/bolanosdev/query-builder/query_builder_matchers.go:126.21,128.3 1 0
github.com/bolanosdev/query-builder/query_builder_matchers.go:130.2,134.19 4 1
github.com/bolanosdev/query-builder/query_builder_matchers.go:135.17,136.22 1 1
github.com/bolanosdev/query-builder/query_builder_matchers.go:136.22,140.4 3 1
github.com/bolanosdev/query-builder/query_builder_matchers.go:141.17,142.22 1 1
github.com/bolanosdev/query-builder/query_builder_matchers.go:142.22,146.4 3 1
github.com/bolanosdev/query-builder/query_builder_matchers.go:147.18,148.22 1 1
github.com/bolanosdev/query-builder/query_builder_matchers.go:148.22,152.4 3 1
github.com/bolanosdev/query-builder/query_builder_matchers.go:153.19,154.22 1 1
github.com/bolanosdev/query-builder/query_builder_matchers.go:154.22,158.4 3 1
github.com/bolanosdev/query-builder/query_builder_matchers.go:161.2,165.3 1 1
github.com/bolanosdev/query-builder/query_builder_sort.go:3.71,4.50 1 1
github.com/bolanosdev/query-builder/query_builder_sort.go:4.50,5.13 1 1
github.com/bolanosdev/query-builder/query_builder_sort.go:8.2,9.24 2 1
github.com/bolanosdev/query-builder/query_builder_sort.go:9.24,11.3 1 1
github.com/bolanosdev/query-builder/query_builder_sort.go:12.2,15.3 1 1
github.com/bolanosdev/query-builder/query_builder_sort.go:18.65,21.2 2 1
github.com/bolanosdev/query-builder/query_builder_validation.go:10.44,11.18 1 1
github.com/bolanosdev/query-builder/query_builder_validation.go:11.18,13.3 1 1
github.com/bolanosdev/query-builder/query_builder_validation.go:14.2,14.44 1 1
github.com/bolanosdev/query-builder/query_builder_validation.go:17.46,18.32 1 1
github.com/bolanosdev/query-builder/query_builder_validation.go:18.32,20.3 1 1
github.com/bolanosdev/query-builder/query_builder_validation.go:21.2,21.12 1 1
